objdiff - k8s object diff by object id

## Usage

```shell
objdiff [flags] LEFT_FILE RIGHT_FILE
```

Either LEFT_FILE or RIGHT_FILE can be set to "-". Here, "-" represents stdin.

## Object ID

A unique ID for a k8s object.
e.g.

```yaml
apiVersion: v1
kind: Pod
metadata:
  name: nginx
  namespace: default
```

then id is 'v1>Pod>default>nginx'.

## Output format

### idlist

All object IDs.

### id

ID diff.

### text

Unified diff.

### yaml

Array of

```yaml
id: "Object ID"
diff: "Unified diff"
left: "Left object (optional)"
right: "Right object (optional)"
type: "Diff type (add or change or destroy)"
```

### markdown

```markdown
# Objdiff Summary

Left file <-> Right file

| **add** | **change** | **destroy** |
| :---: | :---: | :---: |
| x | y | z |
## Diff type Object ID

<details><summary>View Diff</summary>
Unified diff
</details>
```

or

```markdown
# Objdiff Summary

Left file <-> Right file

No changes.
```

## Exit status

0 if inputs are the same.
1 if inputs differ.
Otherwise 2.

## Override differ

```shell
objdiff -x diff left.yml right.yml
```
invokes
```shell
diff --unified=3 --color=never --label left.yml --label right.yml LEFT_FILE RIGHT_FILE
```

```shell
OBJDIFF_DIFF_CMD='diff' objdiff -c -C 5 left.yml right.yml
```
invokes
```shell
diff --unified=5 --color=always --label left.yml --label right.yml LEFT_FILE RIGHT_FILE
```

## Configuration & Precedence

Configuration values are resolved in the following order of precedence (highest to lowest):
1. Command-line flags (e.g. --diff-cmd)
2. Environment variables prefixed with OBJDIFF_ (e.g. OBJDIFF_DIFF_CMD, OBJDIFF_CONTEXT)
3. Default values defined for each flag

Environment variables are derived from flag names in uppercase with hyphens replaced by underscores.
e.g. --ignore-matching-lines -> OBJDIFF_IGNORE_MATCHING_LINES

## Flags
